python : Traceback (most 
recent call last):
At line:1 char:1
+ python 
test_e2e_adult.py > 
test_output.txt 2>&1
+ ~~~~~~~~~~~~~~~~~~~~~~~~
~~~~~~~~~~~~~~~~~~~~~~~
    + CategoryInfo        
      : NotSpecified: (T  
  raceback (most recent   
  call last)::String)     
[], RemoteException
    + FullyQualifiedError 
   Id : NativeCommandErr  
  or
 
  File "C:\Users\bharg\Dow
nloads\Projects\Fair Lens 
Google\test_e2e_adult.py",
 line 66, in <module>
    test_full_flow()
    ~~~~~~~~~~~~~~^^
  File "C:\Users\bharg\Dow
nloads\Projects\Fair Lens 
Google\test_e2e_adult.py",
 line 19, in 
test_full_flow
    print(f"--- 
\U0001f680 Testing with 
{csv_path} ---")
    ~~~~~^^^^^^^^^^^^^^^^^
^^^^^^^^^^^^^^^^^^^^^^
  File "C:\Users\bharg\App
Data\Local\Programs\Python
\Python313\Lib\encodings\c
p1252.py", line 19, in 
encode
    return codecs.charmap_
encode(input,self.errors,e
ncoding_table)[0]
           ~~~~~~~~~~~~~~~
~~~~~~^^^^^^^^^^^^^^^^^^^^
^^^^^^^^^^^^^^
UnicodeEncodeError: 
'charmap' codec can't 
encode character 
'\U0001f680' in position 
4: character maps to 
<undefined>
